<?xml version="1.0" encoding="utf-8"?>
<?AutomationStudio Version=3.0?>
<Transfer xmlns="http://br-automation.co.at/AS/Transfer">
  <OperatingSystem Version="B4.26"/>
  <Hardware Target="SG4"/>
  <Operation Delete="ComLogger.br"/>
  <Operation Delete="File_Handl.br"/>
  <Operation Delete="HMITableMa.br"/>
  <Operation Delete="hmilogic.br"/>
  <Operation Delete="Recipe_Han.br"/>
  <Operation Delete="HMI_Alarms.br"/>
  <Operation Delete="LineContro.br"/>
  <Operation Delete="ForceIO1.br"/>
  <Operation Delete="Creaser.br"/>
  <Operation Delete="ForceIO.br"/>
  <Operation Delete="Visu1.br"/>
  <Operation Delete="MpWebXs.br"/>
  <Operation Delete="wbrPingSvc.br"/>
  <Operation Delete="AsArProf.br"/>
  <Operation Delete="AsUSB.br"/>
  <Operation Delete="AsUDP.br"/>
  <Operation Delete="AsTCP.br"/>
  <Operation Delete="AsARCfg.br"/>
  <Operation Delete="AsANSL.br"/>
  <Operation Delete="vcclbox.br"/>
  <Operation Delete="vcpkat.br"/>
  <Operation Delete="vccdt.br"/>
  <Operation Delete="vctcal.br"/>
  <Operation Delete="vcchtml.br"/>
  <Operation Delete="vcpdsw.br"/>
  <Operation Delete="vccshape.br"/>
  <Operation Delete="vccddbox.br"/>
  <Operation Delete="vccstr.br"/>
  <Operation Delete="vccnum.br"/>
  <Operation Delete="vcrt.br"/>
  <Operation Delete="vcbclass.br"/>
  <Operation Delete="vcalarm.br"/>
  <Operation Delete="vcctext.br"/>
  <Operation Delete="vccline.br"/>
  <Operation Delete="vcpfx20.br"/>
  <Operation Delete="vccovl.br"/>
  <Operation Delete="vccalarm.br"/>
  <Operation Delete="vcdsloc.br"/>
  <Operation Delete="vccbtn.br"/>
  <Operation Delete="vcdsint.br"/>
  <Operation Delete="vcmgr.br"/>
  <Operation Delete="vccpwd.br"/>
  <Operation Delete="vcfile.br"/>
  <Operation Delete="vcpdvnc.br"/>
  <Operation Delete="vccscale.br"/>
  <Operation Delete="vccbmp.br"/>
  <Operation Delete="vcfntttf.br"/>
  <Operation Delete="MpFile.br"/>
  <Operation Delete="MAPPSuppor.br"/>
  <Operation Delete="MpRecipe.br"/>
  <Operation Delete="MpAlarm.br"/>
  <Operation Delete="MpAxis.br"/>
  <Operation Delete="jgLibC.br"/>
  <Operation Delete="AsIecCon.br"/>
  <Operation Delete="vcshared.br"/>
  <Operation Delete="vera.br"/>
  <Operation Delete="arialbd.br"/>
  <Operation Delete="arial.br"/>
  <Operation Delete="Visu103.br"/>
  <Operation Delete="Visu102.br"/>
  <Operation Delete="Visu101.br"/>
  <Operation Delete="bglibasWBR.br"/>
  <Operation Delete="AsArSdm.br"/>
  <Operation Delete="wbrLogSvc.br"/>
  <Operation Delete="wbrListSvc.br"/>
  <Operation Delete="wbrMemSvc.br"/>
  <Operation Delete="AsArLog.br"/>
  <Operation Delete="AsMem.br"/>
  <Operation Delete="AsICMP.br"/>
  <Operation Delete="MpCom.br"/>
  <Operation Delete="vcxml.br"/>
  <Operation Delete="vccurl.br"/>
  <Operation Delete="vccpopup.br"/>
  <Operation Delete="ashw.br"/>
  <Operation Delete="DataObj.br"/>
  <Operation Delete="vcgclass.br"/>
  <Operation Delete="vcnet.br"/>
  <Operation Delete="Acp10sim.br"/>
  <Operation Delete="Acp10_MC.br"/>
  <Operation Delete="sys_lib.br"/>
  <Operation Delete="brsystem.br"/>
  <Operation Delete="Acp10man.br"/>
  <Operation Delete="FileIO.br"/>
  <Operation Delete="astime.br"/>
  <Operation Download="asfw.br" Memory="SystemROM"/>
  <Operation Download="ashwd.br" Memory="SystemROM"/>
  <Operation Download="arconfig.br" Memory="SystemROM"/>
  <Operation Download="sysconf.br" Memory="SystemROM"/>
  <Operation Restart="warm"/>
  <Operation Download="acp10cfg.br" Memory="UserROM"/>
  <Operation Download="Acp10map.br" Memory="UserROM"/>
  <Operation Download="NcGlobal.br" Memory="UserROM"/>
  <Operation Download="powerlnk.br" Memory="UserROM"/>
  <Operation Download="Acp10par.br" Memory="UserROM"/>
  <Operation Download="runtime.br" Memory="UserROM"/>
  <Operation Download="astime.br" Memory="UserROM"/>
  <Operation Download="FileIO.br" Memory="UserROM"/>
  <Operation Download="Acp10man.br" Memory="UserROM"/>
  <Operation Download="brsystem.br" Memory="UserROM"/>
  <Operation Download="sys_lib.br" Memory="UserROM"/>
  <Operation Download="Acp10_MC.br" Memory="UserROM"/>
  <Operation Download="Acp10sim.br" Memory="UserROM"/>
  <Operation Download="Acp10sys.br" Memory="UserROM"/>
  <Operation Download="acp10etxen.br" Memory="UserROM"/>
  <Operation Restart="warm"/>
  <Operation Download="vcresman.br" Memory="UserROM"/>
  <Operation Download="vcnet.br" Memory="UserROM"/>
  <Operation Download="vcgclass.br" Memory="UserROM"/>
  <Operation Download="DataObj.br" Memory="UserROM"/>
  <Operation Download="ashw.br" Memory="UserROM"/>
  <Operation Download="vccpopup.br" Memory="UserROM"/>
  <Operation Download="vccurl.br" Memory="UserROM"/>
  <Operation Download="vcxml.br" Memory="UserROM"/>
  <Operation Download="AsBrStr.br" Memory="UserROM"/>
  <Operation Download="arsvcreg.br" Memory="UserROM"/>
  <Operation Download="MpCom.br" Memory="UserROM"/>
  <Operation Download="AsICMP.br" Memory="UserROM"/>
  <Operation Download="AsMem.br" Memory="UserROM"/>
  <Operation Download="AsArLog.br" Memory="UserROM"/>
  <Operation Download="wbrMemSvc.br" Memory="UserROM"/>
  <Operation Download="wbrListSvc.br" Memory="UserROM"/>
  <Operation Download="wbrLogSvc.br" Memory="UserROM"/>
  <Operation Download="AsArSdm.br" Memory="UserROM"/>
  <Operation Download="standard.br" Memory="UserROM"/>
  <Operation Download="bglibasWBR.br" Memory="UserROM"/>
  <Operation Download="ArTextSys.br" Memory="UserROM"/>
  <Operation Download="Visu101.br" Memory="UserROM"/>
  <Operation Download="Visu102.br" Memory="UserROM"/>
  <Operation Download="Visu103.br" Memory="UserROM"/>
  <Operation Download="arial.br" Memory="UserROM"/>
  <Operation Download="arialbd.br" Memory="UserROM"/>
  <Operation Download="vera.br" Memory="UserROM"/>
  <Operation Download="vcshared.br" Memory="UserROM"/>
  <Operation Download="AsIecCon.br" Memory="UserROM"/>
  <Operation Download="jgLibC.br" Memory="UserROM"/>
  <Operation Download="MpAxis.br" Memory="UserROM"/>
  <Operation Download="MpAlarm.br" Memory="UserROM"/>
  <Operation Download="MpRecipe.br" Memory="UserROM"/>
  <Operation Download="MAPPSuppor.br" Memory="UserROM"/>
  <Operation Download="MpFile.br" Memory="UserROM"/>
  <Operation Download="vcfntttf.br" Memory="UserROM"/>
  <Operation Download="vccbmp.br" Memory="UserROM"/>
  <Operation Download="vccscale.br" Memory="UserROM"/>
  <Operation Download="vcpdvnc.br" Memory="UserROM"/>
  <Operation Download="vcfile.br" Memory="UserROM"/>
  <Operation Download="vccpwd.br" Memory="UserROM"/>
  <Operation Download="vcmgr.br" Memory="UserROM"/>
  <Operation Download="vcdsint.br" Memory="UserROM"/>
  <Operation Download="vccbtn.br" Memory="UserROM"/>
  <Operation Download="vcdsloc.br" Memory="UserROM"/>
  <Operation Download="vccalarm.br" Memory="UserROM"/>
  <Operation Download="vccovl.br" Memory="UserROM"/>
  <Operation Download="vcpfx20.br" Memory="UserROM"/>
  <Operation Download="vccline.br" Memory="UserROM"/>
  <Operation Download="vcctext.br" Memory="UserROM"/>
  <Operation Download="vcalarm.br" Memory="UserROM"/>
  <Operation Download="vcbclass.br" Memory="UserROM"/>
  <Operation Download="udbdef.br" Memory="UserROM"/>
  <Operation Download="vcrt.br" Memory="UserROM"/>
  <Operation Download="vccnum.br" Memory="UserROM"/>
  <Operation Download="vccstr.br" Memory="UserROM"/>
  <Operation Download="vccddbox.br" Memory="UserROM"/>
  <Operation Download="vccshape.br" Memory="UserROM"/>
  <Operation Download="vcpdsw.br" Memory="UserROM"/>
  <Operation Download="TCData.br" Memory="SystemROM"/>
  <Operation Download="vcchtml.br" Memory="UserROM"/>
  <Operation Download="vctcal.br" Memory="UserROM"/>
  <Operation Download="vccdt.br" Memory="UserROM"/>
  <Operation Download="vcpkat.br" Memory="UserROM"/>
  <Operation Download="vcclbox.br" Memory="UserROM"/>
  <Operation Download="Data_Log.br" Memory="UserROM"/>
  <Operation Download="MAPP_Alm.br" Memory="UserROM"/>
  <Operation Download="MAPP_Rec.br" Memory="UserROM"/>
  <Operation Download="MAPP_Web.br" Memory="UserROM"/>
  <Operation Download="MAPP_File.br" Memory="UserROM"/>
  <Operation Download="Config.br" Memory="UserROM"/>
  <Operation Download="TC.br" Memory="UserROM"/>
  <Operation Download="MAPP_Cfg.br" Memory="UserROM"/>
  <Operation Download="iomap.br" Memory="UserROM"/>
  <Operation Download="AsXml.br" Memory="UserROM"/>
  <Operation Download="AsANSL.br" Memory="UserROM"/>
  <Operation Download="AsARCfg.br" Memory="UserROM"/>
  <Operation Download="AsBrMath.br" Memory="UserROM"/>
  <Operation Download="AsTCP.br" Memory="UserROM"/>
  <Operation Download="AsUDP.br" Memory="UserROM"/>
  <Operation Download="AsUSB.br" Memory="UserROM"/>
  <Operation Download="operator.br" Memory="UserROM"/>
  <Operation Download="AsIOTime.br" Memory="UserROM"/>
  <Operation Download="AsArProf.br" Memory="UserROM"/>
  <Operation Download="wbrPingSvc.br" Memory="UserROM"/>
  <Operation Download="wbrFltUtil.br" Memory="UserROM"/>
  <Operation Download="MpWebXs.br" Memory="UserROM"/>
  <Operation Download="Axisa.br" Memory="UserROM"/>
  <Operation Download="Axisi.br" Memory="UserROM"/>
  <Operation Download="Visu1.br" Memory="UserROM"/>
  <Operation Download="ForceIO.br" Memory="UserROM"/>
  <Operation Download="Creaser.br" Memory="UserROM"/>
  <Operation Download="ForceIO1.br" Memory="UserROM"/>
  <Operation Download="LineContro.br" Memory="UserROM"/>
  <Operation Download="HMI_Alarms.br" Memory="UserROM"/>
  <Operation Download="Recipe_Han.br" Memory="UserROM"/>
  <Operation Download="hmilogic.br" Memory="UserROM"/>
  <Operation Download="HMITableMa.br" Memory="UserROM"/>
  <Operation Download="File_Handl.br" Memory="UserROM"/>
  <Operation Download="ComLogger.br" Memory="UserROM"/>
</Transfer>