C:\Users\admin\Desktop\MarketingAlliance_040417\software\AriesV2\Temp\Includes\AS_TempDecl\Config_Test\GlobalComponents\MpComponents.var
C:\Users\admin\Desktop\MarketingAlliance_040417\software\AriesV2\Logical\GlobalConstants.var
C:\Users\admin\Desktop\MarketingAlliance_040417\software\AriesV2\Logical\Machine.typ
C:\Users\admin\Desktop\MarketingAlliance_040417\software\AriesV2\Logical\Generic_Rec_Cfg.typ
C:\Users\admin\Desktop\MarketingAlliance_040417\software\AriesV2\Logical\GlobalVariables.var
C:\Users\admin\Desktop\MarketingAlliance_040417\software\AriesV2\Logical\Libraries\operator\operator.fun
C:\Users\admin\Desktop\MarketingAlliance_040417\software\AriesV2\Logical\Libraries\operator\operator.typ
C:\Users\admin\Desktop\MarketingAlliance_040417\software\AriesV2\Logical\Libraries\operator\operator.var
C:\Users\admin\Desktop\MarketingAlliance_040417\software\AriesV2\Logical\Libraries\runtime\runtime.fun
C:\Users\admin\Desktop\MarketingAlliance_040417\software\AriesV2\Logical\Libraries\runtime\runtime.typ
C:\Users\admin\Desktop\MarketingAlliance_040417\software\AriesV2\Logical\Libraries\runtime\runtime.var
C:\Users\admin\Desktop\MarketingAlliance_040417\software\AriesV2\Logical\Libraries\astime\astime.fun
C:\Users\admin\Desktop\MarketingAlliance_040417\software\AriesV2\Logical\Libraries\astime\astime.typ
C:\Users\admin\Desktop\MarketingAlliance_040417\software\AriesV2\Logical\Libraries\astime\astime.var
C:\Users\admin\Desktop\MarketingAlliance_040417\software\AriesV2\Logical\Libraries\AsIecCon\AsIecCon.fun
C:\Users\admin\Desktop\MarketingAlliance_040417\software\AriesV2\Logical\Libraries\AsIecCon\AsIecCon.typ
C:\Users\admin\Desktop\MarketingAlliance_040417\software\AriesV2\Logical\Libraries\AsIecCon\AsIecCon.var
C:\Users\admin\Desktop\MarketingAlliance_040417\software\AriesV2\Logical\Libraries\FileIO\FileIO.fun
C:\Users\admin\Desktop\MarketingAlliance_040417\software\AriesV2\Logical\Libraries\FileIO\FileIO.typ
C:\Users\admin\Desktop\MarketingAlliance_040417\software\AriesV2\Logical\Libraries\FileIO\FileIO.var
C:\Users\admin\Desktop\MarketingAlliance_040417\software\AriesV2\Logical\Libraries\AsXml\AsXml.fun
C:\Users\admin\Desktop\MarketingAlliance_040417\software\AriesV2\Logical\Libraries\AsXml\AsXml.typ
C:\Users\admin\Desktop\MarketingAlliance_040417\software\AriesV2\Logical\Libraries\AsXml\AsXml.var
C:\Users\admin\Desktop\MarketingAlliance_040417\software\AriesV2\Logical\Libraries\standard\standard.fun
C:\Users\admin\Desktop\MarketingAlliance_040417\software\AriesV2\Logical\Libraries\standard\standard.typ
C:\Users\admin\Desktop\MarketingAlliance_040417\software\AriesV2\Logical\Libraries\standard\standard.var
C:\Users\admin\Desktop\MarketingAlliance_040417\software\AriesV2\Logical\Libraries\brsystem\brsystem.fun
C:\Users\admin\Desktop\MarketingAlliance_040417\software\AriesV2\Logical\Libraries\brsystem\brsystem.typ
C:\Users\admin\Desktop\MarketingAlliance_040417\software\AriesV2\Logical\Libraries\brsystem\brsystem.var
C:\Users\admin\Desktop\MarketingAlliance_040417\software\AriesV2\Logical\Libraries\sys_lib\sys_lib.fun
C:\Users\admin\Desktop\MarketingAlliance_040417\software\AriesV2\Logical\Libraries\sys_lib\sys_lib.typ
C:\Users\admin\Desktop\MarketingAlliance_040417\software\AriesV2\Logical\Libraries\sys_lib\sys_lib.var
C:\Users\admin\Desktop\MarketingAlliance_040417\software\AriesV2\Logical\Libraries\AsANSL\AsANSL.fun
C:\Users\admin\Desktop\MarketingAlliance_040417\software\AriesV2\Logical\Libraries\AsANSL\AsANSL.typ
C:\Users\admin\Desktop\MarketingAlliance_040417\software\AriesV2\Logical\Libraries\AsANSL\AsANSL.var
C:\Users\admin\Desktop\MarketingAlliance_040417\software\AriesV2\Logical\Libraries\AsARCfg\AsARCfg.fun
C:\Users\admin\Desktop\MarketingAlliance_040417\software\AriesV2\Logical\Libraries\AsARCfg\AsARCfg.typ
C:\Users\admin\Desktop\MarketingAlliance_040417\software\AriesV2\Logical\Libraries\AsARCfg\AsARCfg.var
C:\Users\admin\Desktop\MarketingAlliance_040417\software\AriesV2\Logical\Libraries\AsBrMath\AsBrMath.fun
C:\Users\admin\Desktop\MarketingAlliance_040417\software\AriesV2\Logical\Libraries\AsBrMath\AsBrMath.typ
C:\Users\admin\Desktop\MarketingAlliance_040417\software\AriesV2\Logical\Libraries\AsBrMath\AsBrMath.var
C:\Users\admin\Desktop\MarketingAlliance_040417\software\AriesV2\Logical\Libraries\AsBrStr\AsBrStr.fun
C:\Users\admin\Desktop\MarketingAlliance_040417\software\AriesV2\Logical\Libraries\AsBrStr\AsBrStr.typ
C:\Users\admin\Desktop\MarketingAlliance_040417\software\AriesV2\Logical\Libraries\AsBrStr\AsBrStr.var
C:\Users\admin\Desktop\MarketingAlliance_040417\software\AriesV2\Logical\Libraries\DataObj\DataObj.fun
C:\Users\admin\Desktop\MarketingAlliance_040417\software\AriesV2\Logical\Libraries\DataObj\DataObj.typ
C:\Users\admin\Desktop\MarketingAlliance_040417\software\AriesV2\Logical\Libraries\DataObj\DataObj.var
C:\Users\admin\Desktop\MarketingAlliance_040417\software\AriesV2\Logical\Libraries\AsTCP\AsTCP.fun
C:\Users\admin\Desktop\MarketingAlliance_040417\software\AriesV2\Logical\Libraries\AsTCP\AsTCP.typ
C:\Users\admin\Desktop\MarketingAlliance_040417\software\AriesV2\Logical\Libraries\AsTCP\AsTCP.var
C:\Users\admin\Desktop\MarketingAlliance_040417\software\AriesV2\Logical\Libraries\AsUDP\AsUDP.fun
C:\Users\admin\Desktop\MarketingAlliance_040417\software\AriesV2\Logical\Libraries\AsUDP\AsUDP.typ
C:\Users\admin\Desktop\MarketingAlliance_040417\software\AriesV2\Logical\Libraries\AsUDP\AsUDP.var
C:\Users\admin\Desktop\MarketingAlliance_040417\software\AriesV2\Logical\Libraries\AsUSB\AsUSB.fun
C:\Users\admin\Desktop\MarketingAlliance_040417\software\AriesV2\Logical\Libraries\AsUSB\AsUSB.typ
C:\Users\admin\Desktop\MarketingAlliance_040417\software\AriesV2\Logical\Libraries\AsUSB\AsUSB.var
C:\Users\admin\Desktop\MarketingAlliance_040417\software\AriesV2\Logical\Libraries\AsArSdm\AsArSdm.fun
C:\Users\admin\Desktop\MarketingAlliance_040417\software\AriesV2\Logical\Libraries\AsArSdm\AsArSdm.typ
C:\Users\admin\Desktop\MarketingAlliance_040417\software\AriesV2\Logical\Libraries\AsArSdm\AsArSdm.var
C:\Users\admin\Desktop\MarketingAlliance_040417\software\AriesV2\Logical\Libraries\AsIOTime\AsIOTime.fun
C:\Users\admin\Desktop\MarketingAlliance_040417\software\AriesV2\Logical\Libraries\AsIOTime\AsIOTime.typ
C:\Users\admin\Desktop\MarketingAlliance_040417\software\AriesV2\Logical\Libraries\AsIOTime\AsIOTime.var
C:\Users\admin\Desktop\MarketingAlliance_040417\software\AriesV2\Logical\Libraries\AsMem\AsMem.fun
C:\Users\admin\Desktop\MarketingAlliance_040417\software\AriesV2\Logical\Libraries\AsMem\AsMem.typ
C:\Users\admin\Desktop\MarketingAlliance_040417\software\AriesV2\Logical\Libraries\AsMem\AsMem.var
C:\Users\admin\Desktop\MarketingAlliance_040417\software\AriesV2\Logical\Libraries\AsArLog\AsArLog.fun
C:\Users\admin\Desktop\MarketingAlliance_040417\software\AriesV2\Logical\Libraries\AsArLog\AsArLog.typ
C:\Users\admin\Desktop\MarketingAlliance_040417\software\AriesV2\Logical\Libraries\AsArLog\AsArLog.var
C:\Users\admin\Desktop\MarketingAlliance_040417\software\AriesV2\Logical\Libraries\AsArProf\AsArProf.fun
C:\Users\admin\Desktop\MarketingAlliance_040417\software\AriesV2\Logical\Libraries\AsArProf\AsArProf.typ
C:\Users\admin\Desktop\MarketingAlliance_040417\software\AriesV2\Logical\Libraries\AsArProf\AsArProf.var
C:\Users\admin\Desktop\MarketingAlliance_040417\software\AriesV2\Logical\Libraries\MTTypes\MTTypes.fun
C:\Users\admin\Desktop\MarketingAlliance_040417\software\AriesV2\Logical\Libraries\MTTypes\MTTypes.typ
C:\Users\admin\Desktop\MarketingAlliance_040417\software\AriesV2\Logical\Libraries\MTTypes\MTTypes.var
C:\Users\admin\Desktop\MarketingAlliance_040417\software\AriesV2\Logical\Libraries\MTProfile\MTProfile.fun
C:\Users\admin\Desktop\MarketingAlliance_040417\software\AriesV2\Logical\Libraries\MTProfile\MTProfile.typ
C:\Users\admin\Desktop\MarketingAlliance_040417\software\AriesV2\Logical\Libraries\MTProfile\MTProfile.var
C:\Users\admin\Desktop\MarketingAlliance_040417\software\AriesV2\Logical\Libraries\MTFilter\MTFilter.fun
C:\Users\admin\Desktop\MarketingAlliance_040417\software\AriesV2\Logical\Libraries\MTFilter\MTFilter.typ
C:\Users\admin\Desktop\MarketingAlliance_040417\software\AriesV2\Logical\Libraries\MTFilter\MTFilter.var
C:\Users\admin\Desktop\MarketingAlliance_040417\software\AriesV2\Logical\Libraries\jgLibC\Types.typ
C:\Users\admin\Desktop\MarketingAlliance_040417\software\AriesV2\Logical\Libraries\jgLibC\Constants.var
C:\Users\admin\Desktop\MarketingAlliance_040417\software\AriesV2\Logical\Libraries\jgLibC\jgLibC.fun
C:\Users\admin\Desktop\MarketingAlliance_040417\software\AriesV2\Logical\Libraries\MTData\MTData.fun
C:\Users\admin\Desktop\MarketingAlliance_040417\software\AriesV2\Logical\Libraries\MTData\MTData.typ
C:\Users\admin\Desktop\MarketingAlliance_040417\software\AriesV2\Logical\Libraries\MTData\MTData.var
C:\Users\admin\Desktop\MarketingAlliance_040417\software\AriesV2\Logical\Libraries\ArTextSys\ArTextSys.typ
C:\Users\admin\Desktop\MarketingAlliance_040417\software\AriesV2\Logical\Libraries\ArTextSys\ArTextSys.fun
C:\Users\admin\Desktop\MarketingAlliance_040417\software\AriesV2\Logical\Libraries\ArTextSys\ArTextSys.var
C:\Users\admin\Desktop\MarketingAlliance_040417\software\AriesV2\Logical\Libraries\MAPPSuppor\MAPPSuppor.typ
C:\Users\admin\Desktop\MarketingAlliance_040417\software\AriesV2\Logical\Libraries\MAPPSuppor\HMIparamList.typ
C:\Users\admin\Desktop\MarketingAlliance_040417\software\AriesV2\Logical\Libraries\MAPPSuppor\MAPPSuppor.var
C:\Users\admin\Desktop\MarketingAlliance_040417\software\AriesV2\Logical\Libraries\MAPPSuppor\MAPPSuppor.fun
C:\Users\admin\Desktop\MarketingAlliance_040417\software\AriesV2\Logical\Libraries\wbrServices\wbrServices.typ
C:\Users\admin\Desktop\MarketingAlliance_040417\software\AriesV2\Logical\Libraries\wbrServices\wbrMemSvc\wbrMemSvc.typ
C:\Users\admin\Desktop\MarketingAlliance_040417\software\AriesV2\Logical\Libraries\wbrServices\wbrMemSvc\wbrMemSvc.fun
C:\Users\admin\Desktop\MarketingAlliance_040417\software\AriesV2\Logical\Libraries\wbrServices\wbrListSvc\wbrListSvc.typ
C:\Users\admin\Desktop\MarketingAlliance_040417\software\AriesV2\Logical\Libraries\wbrServices\wbrListSvc\wbrListSvc.var
C:\Users\admin\Desktop\MarketingAlliance_040417\software\AriesV2\Logical\Libraries\wbrServices\wbrListSvc\wbrListSvc.fun
C:\Users\admin\Desktop\MarketingAlliance_040417\software\AriesV2\Logical\Libraries\wbrServices\wbrLogSvc\wbrLogSvc.typ
C:\Users\admin\Desktop\MarketingAlliance_040417\software\AriesV2\Logical\Libraries\wbrServices\wbrLogSvc\wbrLogSvc.var
C:\Users\admin\Desktop\MarketingAlliance_040417\software\AriesV2\Logical\Libraries\wbrServices\wbrLogSvc\wbrLogSvc.fun
C:\Users\admin\Desktop\MarketingAlliance_040417\software\AriesV2\Logical\Libraries\wbrServices\bglibasWBR\bglibasWBR.typ
C:\Users\admin\Desktop\MarketingAlliance_040417\software\AriesV2\Logical\Libraries\wbrServices\bglibasWBR\bglibasWBR.var
C:\Users\admin\Desktop\MarketingAlliance_040417\software\AriesV2\Logical\Libraries\wbrServices\bglibasWBR\bglibasWBR.fun
C:\Users\admin\Desktop\MarketingAlliance_040417\software\AriesV2\Logical\Libraries\wbrServices\wbrPingSvc\wbrPingSvc.typ
C:\Users\admin\Desktop\MarketingAlliance_040417\software\AriesV2\Logical\Libraries\wbrServices\wbrPingSvc\wbrPingSvc.fun
C:\Users\admin\Desktop\MarketingAlliance_040417\software\AriesV2\Logical\Libraries\wbrServices\wbrSvcUtilities\wbrFltUtil\wbrFltUtil.fun
C:\Users\admin\Desktop\MarketingAlliance_040417\software\AriesV2\Logical\Libraries\wbrServices\wbrServicesGlobal.var
C:\Users\admin\Desktop\MarketingAlliance_040417\software\AriesV2\Logical\Libraries\wbrServices\TimerServices\TimerServices.typ
C:\Users\admin\Desktop\MarketingAlliance_040417\software\AriesV2\Logical\Libraries\wbrServices\TimerServices\TimerServices.var
C:\Users\admin\Desktop\MarketingAlliance_040417\software\AriesV2\Logical\Libraries\AsICMP\AsICMP.fun
C:\Users\admin\Desktop\MarketingAlliance_040417\software\AriesV2\Logical\Libraries\AsICMP\AsICMP.typ
C:\Users\admin\Desktop\MarketingAlliance_040417\software\AriesV2\Logical\Libraries\AsICMP\AsICMP.var
C:\Users\admin\Desktop\MarketingAlliance_040417\software\AriesV2\Logical\Libraries\MpCom\MpCom.var
C:\Users\admin\Desktop\MarketingAlliance_040417\software\AriesV2\Logical\Libraries\MpCom\MpCom.typ
C:\Users\admin\Desktop\MarketingAlliance_040417\software\AriesV2\Logical\Libraries\MpCom\MpComError.typ
C:\Users\admin\Desktop\MarketingAlliance_040417\software\AriesV2\Logical\Libraries\MpCom\MpCom.fun
C:\Users\admin\Desktop\MarketingAlliance_040417\software\AriesV2\Logical\Libraries\MpWebXs\MpWebXs.fun
C:\Users\admin\Desktop\MarketingAlliance_040417\software\AriesV2\Logical\Libraries\MpRecipe\MpRecipe.typ
C:\Users\admin\Desktop\MarketingAlliance_040417\software\AriesV2\Logical\Libraries\MpRecipe\MpRecipeAlarm.typ
C:\Users\admin\Desktop\MarketingAlliance_040417\software\AriesV2\Logical\Libraries\MpRecipe\MpRecipeError.typ
C:\Users\admin\Desktop\MarketingAlliance_040417\software\AriesV2\Logical\Libraries\MpRecipe\MpRecipe.fun
C:\Users\admin\Desktop\MarketingAlliance_040417\software\AriesV2\Logical\Libraries\MpAlarm\MpAlarmError.typ
C:\Users\admin\Desktop\MarketingAlliance_040417\software\AriesV2\Logical\Libraries\MpAlarm\MpAlarm.typ
C:\Users\admin\Desktop\MarketingAlliance_040417\software\AriesV2\Logical\Libraries\MpAlarm\MpAlarm.fun
C:\Users\admin\Desktop\MarketingAlliance_040417\software\AriesV2\Logical\Libraries\MpFile\MpFile.typ
C:\Users\admin\Desktop\MarketingAlliance_040417\software\AriesV2\Logical\Libraries\MpFile\MpFileError.typ
C:\Users\admin\Desktop\MarketingAlliance_040417\software\AriesV2\Logical\Libraries\MpFile\MpFileAlarm.typ
C:\Users\admin\Desktop\MarketingAlliance_040417\software\AriesV2\Logical\Libraries\MpFile\MpFile.fun
C:\Users\admin\Desktop\MarketingAlliance_040417\software\AriesV2\Logical\Libraries\Acp10man\Acp10man.typ
C:\Users\admin\Desktop\MarketingAlliance_040417\software\AriesV2\Logical\Libraries\Acp10par\Acp10par.var
C:\Users\admin\Desktop\MarketingAlliance_040417\software\AriesV2\Logical\Libraries\NcGlobal\NcGlobal.fun
C:\Users\admin\Desktop\MarketingAlliance_040417\software\AriesV2\Logical\Libraries\NcGlobal\NcGlobal.typ
C:\Users\admin\Desktop\MarketingAlliance_040417\software\AriesV2\Logical\Libraries\NcGlobal\NcGlobal.var
C:\Users\admin\Desktop\MarketingAlliance_040417\software\AriesV2\Logical\Libraries\Acp10_MC\acp10_mc.fun
C:\Users\admin\Desktop\MarketingAlliance_040417\software\AriesV2\Logical\Libraries\Acp10_MC\acp10_mc.typ
C:\Users\admin\Desktop\MarketingAlliance_040417\software\AriesV2\Logical\Libraries\Acp10_MC\acp10_mc.var
C:\Users\admin\Desktop\MarketingAlliance_040417\software\AriesV2\Logical\Libraries\MTBasics\MTBasics.fun
C:\Users\admin\Desktop\MarketingAlliance_040417\software\AriesV2\Logical\Libraries\MTBasics\MTBasics.typ
C:\Users\admin\Desktop\MarketingAlliance_040417\software\AriesV2\Logical\Libraries\MTBasics\MTBasics.var
C:\Users\admin\Desktop\MarketingAlliance_040417\software\AriesV2\Logical\Libraries\MpAxis\MpAxis.typ
C:\Users\admin\Desktop\MarketingAlliance_040417\software\AriesV2\Logical\Libraries\MpAxis\MpAxisError.typ
C:\Users\admin\Desktop\MarketingAlliance_040417\software\AriesV2\Logical\Libraries\MpAxis\MpAxisAlarm.typ
C:\Users\admin\Desktop\MarketingAlliance_040417\software\AriesV2\Logical\Libraries\MpAxis\MpAxis.fun
C:\Users\admin\Desktop\MarketingAlliance_040417\software\AriesV2\Logical\Auxiliary_Services_Control\USB_Mount_types.typ
C:\Users\admin\Desktop\MarketingAlliance_040417\software\AriesV2\Logical\Auxiliary_Services_Control\Auxiliary.var
C:\Users\admin\Desktop\MarketingAlliance_040417\software\AriesV2\Logical\HMI\Generic_Controls.typ
C:\Users\admin\Desktop\MarketingAlliance_040417\software\AriesV2\Logical\HMI\HMI_Pages.typ
C:\Users\admin\Desktop\MarketingAlliance_040417\software\AriesV2\Logical\HMI\HMIdialog.typ
C:\Users\admin\Desktop\MarketingAlliance_040417\software\AriesV2\Logical\HMI\HMImsgScroll.typ
C:\Users\admin\Desktop\MarketingAlliance_040417\software\AriesV2\Logical\HMI\HMIForceIO.typ
C:\Users\admin\Desktop\MarketingAlliance_040417\software\AriesV2\Logical\HMI\HMIalert.typ
C:\Users\admin\Desktop\MarketingAlliance_040417\software\AriesV2\Logical\HMI\HMI.typ
C:\Users\admin\Desktop\MarketingAlliance_040417\software\AriesV2\Logical\HMI\HMIremmem.typ
C:\Users\admin\Desktop\MarketingAlliance_040417\software\AriesV2\Logical\HMI\HMI.var
